Rendering 5 case(s) at 1280x720 @ 60fps

[1/5] bc_093p056_xli1m_utm10_20240610_20240621
  Using per-case XML: bc_093p056_xli1m_utm10_20240610_20240621.xml
  Frames to render: 2401  (sim time: 20.0s)
    200/2401 frames  (39 fps render,  ETA 57s)
    400/2401 frames  (39 fps render,  ETA 51s)
    600/2401 frames  (39 fps render,  ETA 46s)
    800/2401 frames  (39 fps render,  ETA 41s)
    1000/2401 frames  (39 fps render,  ETA 36s)
    1200/2401 frames  (39 fps render,  ETA 31s)
    1400/2401 frames  (39 fps render,  ETA 26s)
    1600/2401 frames  (39 fps render,  ETA 21s)
    1800/2401 frames  (39 fps render,  ETA 16s)
    2000/2401 frames  (39 fps render,  ETA 10s)
    2200/2401 frames  (39 fps render,  ETA 5s)
    2400/2401 frames  (38 fps render,  ETA 0s)
  Done in 62.6s  →  environment_results_main_planner/bc_093p056_xli1m_utm10_20240610_20240621/simulation_3d.mp4  (5.8 MB)
[2/5] bc_093p066_1_1_4_xli1m_utm10_20240610_20240621
  Using per-case XML: bc_093p066_1_1_4_xli1m_utm10_20240610_20240621.xml
  Frames to render: 2401  (sim time: 20.0s)
    200/2401 frames  (37 fps render,  ETA 59s)
    400/2401 frames  (38 fps render,  ETA 53s)
    600/2401 frames  (38 fps render,  ETA 48s)
    800/2401 frames  (38 fps render,  ETA 42s)
    1000/2401 frames  (38 fps render,  ETA 37s)
    1200/2401 frames  (39 fps render,  ETA 31s)
    1400/2401 frames  (39 fps render,  ETA 26s)
    1600/2401 frames  (39 fps render,  ETA 21s)
    1800/2401 frames  (38 fps render,  ETA 16s)
    2000/2401 frames  (38 fps render,  ETA 11s)
    2200/2401 frames  (38 fps render,  ETA 5s)
    2400/2401 frames  (38 fps render,  ETA 0s)
  Done in 63.6s  →  environment_results_main_planner/bc_093p066_1_1_4_xli1m_utm10_20240610_20240621/simulation_3d.mp4  (6.8 MB)
[3/5] bc_094a059_2_4_4_xli1m_utm10_20240628_20240628
  Using per-case XML: bc_094a059_2_4_4_xli1m_utm10_20240628_20240628.xml
  Frames to render: 2401  (sim time: 20.0s)
    200/2401 frames  (36 fps render,  ETA 61s)
    400/2401 frames  (36 fps render,  ETA 55s)
    600/2401 frames  (37 fps render,  ETA 49s)
    800/2401 frames  (37 fps render,  ETA 44s)
    1000/2401 frames  (37 fps render,  ETA 38s)
    1200/2401 frames  (37 fps render,  ETA 33s)
    1400/2401 frames  (37 fps render,  ETA 27s)
    1600/2401 frames  (37 fps render,  ETA 22s)
    1800/2401 frames  (37 fps render,  ETA 16s)
    2000/2401 frames  (37 fps render,  ETA 11s)
    2200/2401 frames  (37 fps render,  ETA 5s)
    2400/2401 frames  (37 fps render,  ETA 0s)
  Done in 65.2s  →  environment_results_main_planner/bc_094a059_2_4_4_xli1m_utm10_20240628_20240628/simulation_3d.mp4  (6.6 MB)
[4/5] bc_094a059_xli1m_utm10_20240611_20240620
  Using per-case XML: bc_094a059_xli1m_utm10_20240611_20240620.xml
  Frames to render: 2401  (sim time: 20.0s)
    200/2401 frames  (33 fps render,  ETA 66s)
    400/2401 frames  (35 fps render,  ETA 58s)
    600/2401 frames  (36 fps render,  ETA 51s)
    800/2401 frames  (36 fps render,  ETA 44s)
    1000/2401 frames  (37 fps render,  ETA 38s)
    1200/2401 frames  (37 fps render,  ETA 33s)
    1400/2401 frames  (37 fps render,  ETA 27s)
    1600/2401 frames  (37 fps render,  ETA 22s)
    1800/2401 frames  (37 fps render,  ETA 16s)
    2000/2401 frames  (37 fps render,  ETA 11s)
    2200/2401 frames  (37 fps render,  ETA 5s)
    2400/2401 frames  (37 fps render,  ETA 0s)
  Done in 64.4s  →  environment_results_main_planner/bc_094a059_xli1m_utm10_20240611_20240620/simulation_3d.mp4  (5.8 MB)
[5/5] bc_094a060_xli1m_utm10_20240610_20240611
  Using per-case XML: bc_094a060_xli1m_utm10_20240610_20240611.xml
  Frames to render: 2401  (sim time: 20.0s)
    200/2401 frames  (37 fps render,  ETA 59s)
    400/2401 frames  (38 fps render,  ETA 53s)
    600/2401 frames  (38 fps render,  ETA 48s)
    800/2401 frames  (38 fps render,  ETA 42s)
    1000/2401 frames  (38 fps render,  ETA 37s)
    1200/2401 frames  (38 fps render,  ETA 32s)
    1400/2401 frames  (38 fps render,  ETA 26s)
    1600/2401 frames  (38 fps render,  ETA 21s)
    1800/2401 frames  (38 fps render,  ETA 16s)
    2000/2401 frames  (38 fps render,  ETA 11s)
    2200/2401 frames  (38 fps render,  ETA 5s)
    2400/2401 frames  (38 fps render,  ETA 0s)
  Done in 63.6s  →  environment_results_main_planner/bc_094a060_xli1m_utm10_20240610_20240611/simulation_3d.mp4  (6.7 MB)

All done.
